// Jest Snapshot v1, https://goo.gl/fbAQLP

exports[`shallow renders 1`] = `
<Rentals
  classes={
    Object {
      "background": "Rentals-background-1",
      "button": "Rentals-button-2",
    }
  }
/>
`;
